// Jest Snapshot v1, https://goo.gl/fbAQLP

exports[`App component renders App 1`] = `
<DocumentFragment>
  <h3>
    Title Here
  </h3>
  <p>
    By: Nunya B. Usiness
  </p>
  <p>
    Summary: A great read, wow.
  </p>
</DocumentFragment>
`;
